\BOOKMARK [0][-]{chapter.1}{\376\377\000L\000i\000e\000\040\000A\000l\000g\000e\000b\000r\000a\000s}{}% 1
\BOOKMARK [1][-]{section.1.1}{\376\377\000F\000a\000c\000t\000s\000\040\000f\000r\000o\000m\000\040\000l\000i\000n\000e\000a\000r\000\040\000a\000l\000g\000e\000b\000r\000a}{chapter.1}% 2
\BOOKMARK [2][-]{subsection.1.1.1}{\376\377\000J\000o\000r\000d\000a\000n\000\040\000N\000o\000r\000m\000a\000l\000\040\000f\000o\000r\000m}{section.1.1}% 3
\BOOKMARK [2][-]{subsection.1.1.2}{\376\377\000J\000o\000r\000d\000a\000n\000\040\000C\000h\000e\000v\000a\000l\000l\000e\000y\000\040\000d\000e\000c\000o\000m\000p\000o\000s\000i\000t\000i\000o\000n}{section.1.1}% 4
\BOOKMARK [1][-]{section.1.2}{\376\377\000E\000n\000g\000e\000l\000\040\000a\000n\000d\000\040\000L\000i\000e\000\040\000t\000h\000e\000o\000r\000e\000m\000s}{chapter.1}% 5
\BOOKMARK [1][-]{section.1.3}{\376\377\000S\000e\000m\000i\000s\000i\000m\000p\000l\000i\000c\000i\000t\000y\000\040\000c\000r\000i\000t\000e\000r\000i\000o\000n\000s}{chapter.1}% 6
\BOOKMARK [1][-]{section.1.4}{\376\377\000C\000a\000r\000t\000a\000n\000\040\000s\000u\000b\000a\000l\000g\000e\000b\000r\000a\000\040\000a\000n\000d\000\040\000w\000e\000i\000g\000h\000t\000\040\000s\000p\000a\000c\000e\000\040\000d\000e\000c\000o\000m\000p\000o\000s\000i\000t\000i\000o\000n}{chapter.1}% 7
\BOOKMARK [2][-]{subsection.1.4.1}{\376\377\000G\000e\000n\000e\000r\000a\000l\000i\000z\000e\000d\000\040\000e\000i\000g\000e\000n\000s\000p\000a\000c\000e\000s\000\040\000v\000s\000\040\000g\000e\000n\000e\000r\000a\000l\000i\000z\000e\000d\000\040\000w\000e\000i\000g\000h\000t\000\040\000s\000p\000a\000c\000e\000s}{section.1.4}% 8
\BOOKMARK [2][-]{subsection.1.4.2}{\376\377\000S\000p\000e\000c\000t\000r\000a\000l\000\040\000d\000e\000c\000o\000m\000p\000o\000s\000i\000t\000i\000o\000n\000\040\000f\000o\000r\000\040\000n\000i\000l\000p\000o\000t\000e\000n\000t\000\040\000s\000u\000b\000a\000l\000g\000e\000b\000r\000a\000s}{section.1.4}% 9
\BOOKMARK [2][-]{subsection.1.4.3}{\376\377\000R\000e\000g\000u\000l\000a\000r\000\040\000e\000l\000e\000m\000e\000n\000t\000s\000\040\000o\000f\000\040\000a\000\040\000L\000i\000e\000\040\000a\000l\000g\000e\000b\000r\000a}{section.1.4}% 10
\BOOKMARK [2][-]{subsection.1.4.4}{\376\377\000E\000x\000i\000s\000t\000e\000n\000c\000e\000\040\000o\000f\000\040\000C\000a\000r\000t\000a\000n\000\040\000s\000u\000b\000a\000l\000g\000e\000b\000r\000a\000s}{section.1.4}% 11
\BOOKMARK [1][-]{section.1.5}{\376\377\000S\000t\000r\000u\000c\000t\000u\000r\000a\000l\000\040\000t\000h\000e\000o\000r\000y\000\040\000o\000f\000\040\000s\000e\000m\000i\000s\000i\000m\000p\000l\000e\000\040\000L\000i\000e\000\040\000a\000l\000g\000e\000b\000r\000a\000s}{chapter.1}% 12
\BOOKMARK [2][-]{subsection.1.5.1}{\376\377\000T\000r\000i\000a\000n\000g\000u\000l\000a\000r\000\040\000d\000e\000c\000o\000m\000p\000o\000s\000i\000t\000i\000o\000n\000\040\000o\000f\000\040\000s\000e\000m\000i\000s\000i\000m\000p\000l\000e\000\040\000L\000i\000e\000\040\000a\000l\000g\000e\000b\000r\000a\000s}{section.1.5}% 13
\BOOKMARK [2][-]{subsection.1.5.2}{\376\377\000M\000a\000x\000i\000m\000a\000l\000\040\000t\000o\000r\000a\000l\000\040\000s\000u\000b\000a\000l\000g\000e\000b\000r\000a\000s\000\040\000i\000n\000\040\000s\000e\000m\000i\000s\000i\000m\000p\000l\000e\000\040\000L\000i\000e\000\040\000a\000l\000g\000e\000b\000r\000a\000s}{section.1.5}% 14
\BOOKMARK [2][-]{subsection.1.5.3}{\376\377\000A\000n\000o\000t\000h\000e\000r\000\040\000d\000e\000f\000i\000n\000i\000t\000i\000o\000n\000\040\000o\000f\000\040\000R\000a\000n\000k\000\040\000o\000f\000\040\000a\000\040\000L\000i\000e\000\040\000a\000l\000g\000e\000b\000r\000a}{section.1.5}% 15
\BOOKMARK [1][-]{section.1.6}{\376\377\000R\000e\000p\000r\000e\000s\000e\000n\000t\000a\000t\000i\000o\000n\000s\000\040\000o\000f\000\040\000s\000l\0002\000C}{chapter.1}% 16
\BOOKMARK [1][-]{section.1.7}{\376\377\000R\000o\000o\000t\000\040\000s\000y\000s\000t\000e\000m\000s}{chapter.1}% 17
\BOOKMARK [1][-]{section.1.8}{\376\377\000S\000i\000m\000p\000l\000e\000\040\000L\000i\000e\000\040\000a\000l\000g\000e\000b\000r\000a\000s}{chapter.1}% 18
\BOOKMARK [2][-]{subsection.1.8.1}{\376\377\000I\000r\000r\000e\000d\000u\000c\000i\000b\000l\000e\000\040\000r\000o\000o\000t\000\040\000s\000y\000s\000t\000e\000m\000s}{section.1.8}% 19
\BOOKMARK [2][-]{subsection.1.8.2}{\376\377\000R\000o\000o\000t\000\040\000s\000y\000s\000t\000e\000m\000s\000\040\000o\000f\000\040\000s\000i\000m\000p\000l\000e\000\040\000L\000i\000e\000\040\000a\000l\000g\000e\000b\000r\000a\000s}{section.1.8}% 20
\BOOKMARK [2][-]{subsection.1.8.3}{\376\377\000C\000a\000r\000t\000a\000n\000\040\000m\000a\000t\000r\000i\000c\000e\000s\000\040\000a\000n\000d\000\040\000D\000y\000n\000k\000i\000n\000\040\000d\000i\000a\000g\000r\000a\000m\000s}{section.1.8}% 21
\BOOKMARK [1][-]{section.1.9}{\376\377\000C\000o\000h\000o\000m\000o\000l\000o\000g\000y}{chapter.1}% 22
\BOOKMARK [0][-]{chapter.2}{\376\377\000N\000i\000l\000p\000o\000t\000e\000n\000t\000\040\000o\000r\000b\000i\000t\000s}{}% 23
\BOOKMARK [1][-]{section.2.1}{\376\377\000A\000d\000j\000o\000i\000n\000t\000\040\000a\000n\000d\000\040\000c\000o\000a\000d\000j\000o\000i\000n\000t\000\040\000o\000r\000b\000i\000t\000s}{chapter.2}% 24
\BOOKMARK [2][-]{subsection.2.1.1}{\376\377\000R\000e\000v\000i\000e\000w\000\040\000o\000n\000\040\000L\000i\000e\000\040\000g\000r\000o\000u\000p\000s\000\040\000a\000n\000d\000\040\000i\000n\000f\000i\000n\000i\000t\000e\000s\000i\000m\000a\000l\000\040\000a\000c\000t\000i\000o\000n\000s}{section.2.1}% 25
\BOOKMARK [2][-]{subsection.2.1.2}{\376\377\000C\000o\000-\000a\000d\000j\000o\000i\000n\000t\000\040\000o\000r\000b\000i\000t\000s\000\040\000a\000n\000d\000\040\000K\000K\000S\000\040\000f\000o\000r\000m}{section.2.1}% 26
\BOOKMARK [2][-]{subsection.2.1.3}{\376\377\000H\000a\000m\000i\000l\000t\000o\000n\000i\000a\000n\000\040\000a\000c\000t\000i\000o\000n\000s}{section.2.1}% 27
\BOOKMARK [2][-]{subsection.2.1.4}{\376\377\000M\000a\000r\000s\000d\000e\000n\000,\000\040\000W\000e\000i\000n\000s\000t\000e\000i\000n\000,\000\040\000M\000e\000y\000e\000r\000\040\000t\000h\000e\000o\000r\000e\000m}{section.2.1}% 28
\BOOKMARK [2][-]{subsection.2.1.5}{\376\377\000L\000a\000z\000y\000\040\000a\000n\000d\000\040\000s\000o\000p\000h\000i\000s\000t\000i\000c\000a\000t\000e\000d\000\040\000a\000p\000p\000r\000o\000a\000c\000h\000\040\000f\000o\000r\000\040\000c\000o\000a\000d\000j\000o\000i\000n\000t\000\040\000o\000r\000b\000i\000t\000s}{section.2.1}% 29
\BOOKMARK [2][-]{subsection.2.1.6}{\376\377\000S\000t\000a\000n\000d\000a\000r\000d\000\040\000t\000r\000i\000p\000l\000e\000s}{section.2.1}% 30
\BOOKMARK [1][-]{section.2.2}{\376\377\000J\000a\000c\000o\000b\000s\000o\000n\000-\000M\000o\000r\000o\000z\000o\000v\000\040\000t\000h\000e\000o\000r\000e\000m}{chapter.2}% 31
\BOOKMARK [1][-]{section.2.3}{\376\377\000C\000o\000n\000j\000u\000g\000a\000t\000i\000o\000n\000\040\000t\000h\000e\000o\000r\000e\000m\000s}{chapter.2}% 32
\BOOKMARK [1][-]{section.2.4}{\376\377\000W\000e\000i\000g\000h\000t\000e\000d\000\040\000D\000y\000n\000k\000i\000n\000\040\000d\000i\000a\000g\000r\000a\000m\000s}{chapter.2}% 33
\BOOKMARK [1][-]{section.2.5}{\376\377\000R\000e\000g\000u\000l\000a\000r\000,\000\040\000s\000u\000b\000r\000e\000g\000u\000l\000a\000r\000\040\000a\000n\000d\000\040\000m\000i\000n\000i\000m\000a\000l\000\040\000o\000r\000b\000i\000t\000s}{chapter.2}% 34
\BOOKMARK [1][-]{section.2.6}{\376\377\000S\000t\000a\000n\000d\000a\000r\000d\000\040\000s\000l\000i\000c\000e\000s}{chapter.2}% 35
\BOOKMARK [1][-]{section.2.7}{\376\377\000A\000n\000\040\000i\000s\000o\000m\000o\000r\000p\000h\000i\000s\000m\000\040\000o\000f\000\040\000W\000e\000y\000l\000\040\000g\000r\000o\000u\000p\000s}{chapter.2}% 36
\BOOKMARK [0][-]{chapter.3}{\376\377\000K\000a\000c\000\040\000-\000\040\000M\000o\000o\000d\000y\000\040\000a\000l\000g\000e\000b\000r\000a\000s\000\040\000a\000n\000d\000\040\000i\000t\000s\000\040\000r\000e\000p\000r\000e\000s\000e\000n\000t\000a\000t\000i\000o\000n\000s}{}% 37
\BOOKMARK [1][-]{section.3.1}{\376\377\000K\000a\000c\000\040\000-\000\040\000M\000o\000o\000d\000y\000\040\000a\000l\000g\000e\000b\000r\000a\000s}{chapter.3}% 38
\BOOKMARK [2][-]{subsection.3.1.1}{\376\377\000M\000a\000i\000n\000\040\000d\000e\000f\000i\000n\000i\000t\000i\000o\000n\000s}{section.3.1}% 39
\BOOKMARK [2][-]{subsection.3.1.2}{\376\377\000I\000n\000v\000a\000r\000i\000a\000n\000t\000\040\000b\000i\000l\000i\000n\000e\000a\000r\000\040\000f\000o\000r\000m}{section.3.1}% 40
\BOOKMARK [2][-]{subsection.3.1.3}{\376\377\000W\000e\000y\000l\000\040\000g\000r\000o\000u\000p\000\040\000o\000f\000\040\000a\000\040\000K\000a\000c\000\040\000-\000\040\000M\000o\000o\000d\000y\000\040\000a\000l\000g\000e\000b\000r\000a}{section.3.1}% 41
\BOOKMARK [2][-]{subsection.3.1.4}{\376\377\000A\000f\000f\000i\000n\000e\000\040\000L\000i\000e\000\040\000a\000l\000g\000e\000b\000r\000a\000s}{section.3.1}% 42
\BOOKMARK [2][-]{subsection.3.1.5}{\376\377\000T\000h\000e\000\040\000K\000a\000c\000\040\000c\000h\000a\000r\000a\000c\000t\000e\000r\000\040\000f\000o\000r\000m\000u\000l\000a}{section.3.1}% 43
\BOOKMARK [0][-]{chapter.4}{\376\377\000S\000p\000r\000i\000n\000g\000e\000r\000\040\000c\000o\000r\000r\000e\000s\000p\000o\000n\000d\000e\000n\000c\000e}{}% 44
\BOOKMARK [1][-]{section.4.1}{\376\377\000S\000p\000r\000i\000n\000g\000e\000r\000\040\000F\000i\000b\000e\000r\000s}{chapter.4}% 45
\BOOKMARK [2][-]{subsection.4.1.1}{\376\377\000V\000a\000r\000i\000e\000t\000y\000\040\000o\000f\000\040\000B\000o\000r\000e\000l\000\040\000s\000u\000b\000a\000l\000g\000e\000b\000r\000a\000s}{section.4.1}% 46
